// Jest Snapshot v1, https://goo.gl/fbAQLP

exports[`Snapshot 1`] = `
{
  "Description": "CloudFront with VPC Origin and ALB",
  "Parameters": {
    "BootstrapVersion": {
      "Default": "/cdk-bootstrap/hnb659fds/version",
      "Description": "Version of the CDK Bootstrap resources in this environment, automatically retrieved from SSM Parameter Store. [cdk:skip]",
      "Type": "AWS::SSM::Parameter::Value<String>",
    },
  },
  "Resources": {
    "ALBAEE750D2": {
      "Properties": {
        "LoadBalancerAttributes": [
          {
            "Key": "deletion_protection.enabled",
            "Value": "false",
          },
        ],
        "Scheme": "internal",
        "SecurityGroups": [
          {
            "Fn::GetAtt": [
              "ALBSecurityGroup29A3BDEF",
              "GroupId",
            ],
          },
        ],
        "Subnets": [
          {
            "Ref": "VPCPrivateSubnet1Subnet8BCA10E0",
          },
          {
            "Ref": "VPCPrivateSubnet2SubnetCFCDAA7A",
          },
        ],
        "Type": "application",
      },
      "Type": "AWS::ElasticLoadBalancingV2::LoadBalancer",
    },
    "ALBListener3B99FF85": {
      "Properties": {
        "DefaultActions": [
          {
            "FixedResponseConfig": {
              "ContentType": "text/plain",
              "MessageBody": "CloudFront with VPC Origin and ALB",
              "StatusCode": "200",
            },
            "Type": "fixed-response",
          },
        ],
        "LoadBalancerArn": {
          "Ref": "ALBAEE750D2",
        },
        "Port": 80,
        "Protocol": "HTTP",
      },
      "Type": "AWS::ElasticLoadBalancingV2::Listener",
    },
    "ALBSecurityGroup29A3BDEF": {
      "Properties": {
        "GroupDescription": "ALB Security Group",
        "SecurityGroupEgress": [
          {
            "CidrIp": "0.0.0.0/0",
            "Description": "Allow all outbound traffic by default",
            "IpProtocol": "-1",
          },
        ],
        "VpcId": {
          "Ref": "VPCB9E5F0B4",
        },
      },
      "Type": "AWS::EC2::SecurityGroup",
    },
    "CloudFrontVpvOriginD4703B39": {
      "Properties": {
        "DistributionConfig": {
          "Comment": "CloudFront with VPC Origin and ALB",
          "DefaultCacheBehavior": {
            "CachePolicyId": "658327ea-f89d-4fab-a63d-7e88639e58f6",
            "Compress": true,
            "TargetOriginId": "CloudfrontVpcOriginAlbStackCloudFrontVpvOriginOrigin150946CCC",
            "ViewerProtocolPolicy": "allow-all",
          },
          "Enabled": true,
          "HttpVersion": "http2",
          "IPV6Enabled": false,
          "Origins": [
            {
              "DomainName": {
                "Fn::GetAtt": [
                  "ALBAEE750D2",
                  "DNSName",
                ],
              },
              "Id": "CloudfrontVpcOriginAlbStackCloudFrontVpvOriginOrigin150946CCC",
              "VpcOriginConfig": {
                "VpcOriginId": {
                  "Fn::GetAtt": [
                    "CloudFrontVpvOriginOrigin1VpcOrigin31544001",
                    "Id",
                  ],
                },
              },
            },
          ],
        },
      },
      "Type": "AWS::CloudFront::Distribution",
    },
    "CloudFrontVpvOriginOrigin1VpcOrigin31544001": {
      "Properties": {
        "VpcOriginEndpointConfig": {
          "Arn": {
            "Ref": "ALBAEE750D2",
          },
          "Name": "CloudfrontVpcOriginAlbStackContVpvOriginOrigin1VpcOrigin318D2E81",
          "OriginSSLProtocols": [
            "TLSv1.2",
          ],
        },
      },
      "Type": "AWS::CloudFront::VpcOrigin",
    },
    "VPCB9E5F0B4": {
      "Properties": {
        "CidrBlock": "10.0.0.0/16",
        "EnableDnsHostnames": true,
        "EnableDnsSupport": true,
        "InstanceTenancy": "default",
        "Tags": [
          {
            "Key": "Name",
            "Value": "CloudfrontVpcOriginAlbStack/VPC",
          },
        ],
      },
      "Type": "AWS::EC2::VPC",
    },
    "VPCIGWB7E252D3": {
      "Properties": {
        "Tags": [
          {
            "Key": "Name",
            "Value": "CloudfrontVpcOriginAlbStack/VPC",
          },
        ],
      },
      "Type": "AWS::EC2::InternetGateway",
    },
    "VPCPrivateSubnet1RouteTableAssociation347902D1": {
      "Properties": {
        "RouteTableId": {
          "Ref": "VPCPrivateSubnet1RouteTableBE8A6027",
        },
        "SubnetId": {
          "Ref": "VPCPrivateSubnet1Subnet8BCA10E0",
        },
      },
      "Type": "AWS::EC2::SubnetRouteTableAssociation",
    },
    "VPCPrivateSubnet1RouteTableBE8A6027": {
      "Properties": {
        "Tags": [
          {
            "Key": "Name",
            "Value": "CloudfrontVpcOriginAlbStack/VPC/PrivateSubnet1",
          },
        ],
        "VpcId": {
          "Ref": "VPCB9E5F0B4",
        },
      },
      "Type": "AWS::EC2::RouteTable",
    },
    "VPCPrivateSubnet1Subnet8BCA10E0": {
      "Properties": {
        "AvailabilityZone": "dummy1a",
        "CidrBlock": "10.0.2.0/24",
        "MapPublicIpOnLaunch": false,
        "Tags": [
          {
            "Key": "aws-cdk:subnet-name",
            "Value": "Private",
          },
          {
            "Key": "aws-cdk:subnet-type",
            "Value": "Private",
          },
          {
            "Key": "Name",
            "Value": "CloudfrontVpcOriginAlbStack/VPC/PrivateSubnet1",
          },
        ],
        "VpcId": {
          "Ref": "VPCB9E5F0B4",
        },
      },
      "Type": "AWS::EC2::Subnet",
    },
    "VPCPrivateSubnet2RouteTable0A19E10E": {
      "Properties": {
        "Tags": [
          {
            "Key": "Name",
            "Value": "CloudfrontVpcOriginAlbStack/VPC/PrivateSubnet2",
          },
        ],
        "VpcId": {
          "Ref": "VPCB9E5F0B4",
        },
      },
      "Type": "AWS::EC2::RouteTable",
    },
    "VPCPrivateSubnet2RouteTableAssociation0C73D413": {
      "Properties": {
        "RouteTableId": {
          "Ref": "VPCPrivateSubnet2RouteTable0A19E10E",
        },
        "SubnetId": {
          "Ref": "VPCPrivateSubnet2SubnetCFCDAA7A",
        },
      },
      "Type": "AWS::EC2::SubnetRouteTableAssociation",
    },
    "VPCPrivateSubnet2SubnetCFCDAA7A": {
      "Properties": {
        "AvailabilityZone": "dummy1b",
        "CidrBlock": "10.0.3.0/24",
        "MapPublicIpOnLaunch": false,
        "Tags": [
          {
            "Key": "aws-cdk:subnet-name",
            "Value": "Private",
          },
          {
            "Key": "aws-cdk:subnet-type",
            "Value": "Private",
          },
          {
            "Key": "Name",
            "Value": "CloudfrontVpcOriginAlbStack/VPC/PrivateSubnet2",
          },
        ],
        "VpcId": {
          "Ref": "VPCB9E5F0B4",
        },
      },
      "Type": "AWS::EC2::Subnet",
    },
    "VPCPublicSubnet1DefaultRoute91CEF279": {
      "DependsOn": [
        "VPCVPCGW99B986DC",
      ],
      "Properties": {
        "DestinationCidrBlock": "0.0.0.0/0",
        "GatewayId": {
          "Ref": "VPCIGWB7E252D3",
        },
        "RouteTableId": {
          "Ref": "VPCPublicSubnet1RouteTableFEE4B781",
        },
      },
      "Type": "AWS::EC2::Route",
    },
    "VPCPublicSubnet1RouteTableAssociation0B0896DC": {
      "Properties": {
        "RouteTableId": {
          "Ref": "VPCPublicSubnet1RouteTableFEE4B781",
        },
        "SubnetId": {
          "Ref": "VPCPublicSubnet1SubnetB4246D30",
        },
      },
      "Type": "AWS::EC2::SubnetRouteTableAssociation",
    },
    "VPCPublicSubnet1RouteTableFEE4B781": {
      "Properties": {
        "Tags": [
          {
            "Key": "Name",
            "Value": "CloudfrontVpcOriginAlbStack/VPC/PublicSubnet1",
          },
        ],
        "VpcId": {
          "Ref": "VPCB9E5F0B4",
        },
      },
      "Type": "AWS::EC2::RouteTable",
    },
    "VPCPublicSubnet1SubnetB4246D30": {
      "Properties": {
        "AvailabilityZone": "dummy1a",
        "CidrBlock": "10.0.0.0/24",
        "MapPublicIpOnLaunch": true,
        "Tags": [
          {
            "Key": "aws-cdk:subnet-name",
            "Value": "Public",
          },
          {
            "Key": "aws-cdk:subnet-type",
            "Value": "Public",
          },
          {
            "Key": "Name",
            "Value": "CloudfrontVpcOriginAlbStack/VPC/PublicSubnet1",
          },
        ],
        "VpcId": {
          "Ref": "VPCB9E5F0B4",
        },
      },
      "Type": "AWS::EC2::Subnet",
    },
    "VPCPublicSubnet2DefaultRouteB7481BBA": {
      "DependsOn": [
        "VPCVPCGW99B986DC",
      ],
      "Properties": {
        "DestinationCidrBlock": "0.0.0.0/0",
        "GatewayId": {
          "Ref": "VPCIGWB7E252D3",
        },
        "RouteTableId": {
          "Ref": "VPCPublicSubnet2RouteTable6F1A15F1",
        },
      },
      "Type": "AWS::EC2::Route",
    },
    "VPCPublicSubnet2RouteTable6F1A15F1": {
      "Properties": {
        "Tags": [
          {
            "Key": "Name",
            "Value": "CloudfrontVpcOriginAlbStack/VPC/PublicSubnet2",
          },
        ],
        "VpcId": {
          "Ref": "VPCB9E5F0B4",
        },
      },
      "Type": "AWS::EC2::RouteTable",
    },
    "VPCPublicSubnet2RouteTableAssociation5A808732": {
      "Properties": {
        "RouteTableId": {
          "Ref": "VPCPublicSubnet2RouteTable6F1A15F1",
        },
        "SubnetId": {
          "Ref": "VPCPublicSubnet2Subnet74179F39",
        },
      },
      "Type": "AWS::EC2::SubnetRouteTableAssociation",
    },
    "VPCPublicSubnet2Subnet74179F39": {
      "Properties": {
        "AvailabilityZone": "dummy1b",
        "CidrBlock": "10.0.1.0/24",
        "MapPublicIpOnLaunch": true,
        "Tags": [
          {
            "Key": "aws-cdk:subnet-name",
            "Value": "Public",
          },
          {
            "Key": "aws-cdk:subnet-type",
            "Value": "Public",
          },
          {
            "Key": "Name",
            "Value": "CloudfrontVpcOriginAlbStack/VPC/PublicSubnet2",
          },
        ],
        "VpcId": {
          "Ref": "VPCB9E5F0B4",
        },
      },
      "Type": "AWS::EC2::Subnet",
    },
    "VPCVPCGW99B986DC": {
      "Properties": {
        "InternetGatewayId": {
          "Ref": "VPCIGWB7E252D3",
        },
        "VpcId": {
          "Ref": "VPCB9E5F0B4",
        },
      },
      "Type": "AWS::EC2::VPCGatewayAttachment",
    },
  },
  "Rules": {
    "CheckBootstrapVersion": {
      "Assertions": [
        {
          "Assert": {
            "Fn::Not": [
              {
                "Fn::Contains": [
                  [
                    "1",
                    "2",
                    "3",
                    "4",
                    "5",
                  ],
                  {
                    "Ref": "BootstrapVersion",
                  },
                ],
              },
            ],
          },
          "AssertDescription": "CDK bootstrap stack version 6 required. Please run 'cdk bootstrap' with a recent version of the CDK CLI.",
        },
      ],
    },
  },
}
`;
