// Jest Snapshot v1, https://goo.gl/fbAQLP

exports[`snapshot validation test 1`] = `
{
  "Description": "",
  "Outputs": {
    "BucketWebsiteUrl": {
      "Description": "URL for website hosted on S3",
      "Value": {
        "Fn::GetAtt": [
          "WebsiteBucketS3BucketFE46300C",
          "WebsiteURL",
        ],
      },
    },
  },
  "Parameters": {
    "BootstrapVersion": {
      "Default": "/cdk-bootstrap/hnb659fds/version",
      "Description": "Version of the CDK Bootstrap resources in this environment, automatically retrieved from SSM Parameter Store. [cdk:skip]",
      "Type": "AWS::SSM::Parameter::Value<String>",
    },
  },
  "Resources": {
    "CustomCDKBucketDeployment8693BB64968944B69AAFB0CC9EB8756C81C01536": {
      "DependsOn": [
        "CustomCDKBucketDeployment8693BB64968944B69AAFB0CC9EB8756CServiceRoleDefaultPolicy88902FDF",
        "CustomCDKBucketDeployment8693BB64968944B69AAFB0CC9EB8756CServiceRole89A01265",
      ],
      "Properties": {
        "Code": {
          "S3Bucket": "cdk-hnb659fds-assets-123456789012-ap-northeast-1",
          "S3Key": "c6358465bf49dfae556bb430bf9c81fa578c221b82c308e3707901b1dd654762.zip",
        },
        "Environment": {
          "Variables": {
            "AWS_CA_BUNDLE": "/etc/pki/ca-trust/extracted/pem/tls-ca-bundle.pem",
          },
        },
        "Handler": "index.handler",
        "Layers": [
          {
            "Ref": "WebsiteBucketS3FileUploadAwsCliLayer0772B767",
          },
        ],
        "Role": {
          "Fn::GetAtt": [
            "CustomCDKBucketDeployment8693BB64968944B69AAFB0CC9EB8756CServiceRole89A01265",
            "Arn",
          ],
        },
        "Runtime": "python3.11",
        "Tags": [
          {
            "Key": "Environment",
            "Value": "test",
          },
          {
            "Key": "Project",
            "Value": "snapshot",
          },
        ],
        "Timeout": 900,
      },
      "Type": "AWS::Lambda::Function",
    },
    "CustomCDKBucketDeployment8693BB64968944B69AAFB0CC9EB8756CServiceRole89A01265": {
      "Properties": {
        "AssumeRolePolicyDocument": {
          "Statement": [
            {
              "Action": "sts:AssumeRole",
              "Effect": "Allow",
              "Principal": {
                "Service": "lambda.amazonaws.com",
              },
            },
          ],
          "Version": "2012-10-17",
        },
        "ManagedPolicyArns": [
          {
            "Fn::Join": [
              "",
              [
                "arn:",
                {
                  "Ref": "AWS::Partition",
                },
                ":iam::aws:policy/service-role/AWSLambdaBasicExecutionRole",
              ],
            ],
          },
        ],
        "Tags": [
          {
            "Key": "Environment",
            "Value": "test",
          },
          {
            "Key": "Project",
            "Value": "snapshot",
          },
        ],
      },
      "Type": "AWS::IAM::Role",
    },
    "CustomCDKBucketDeployment8693BB64968944B69AAFB0CC9EB8756CServiceRoleDefaultPolicy88902FDF": {
      "Properties": {
        "PolicyDocument": {
          "Statement": [
            {
              "Action": [
                "s3:GetObject*",
                "s3:GetBucket*",
                "s3:List*",
              ],
              "Effect": "Allow",
              "Resource": [
                {
                  "Fn::Join": [
                    "",
                    [
                      "arn:",
                      {
                        "Ref": "AWS::Partition",
                      },
                      ":s3:::cdk-hnb659fds-assets-123456789012-ap-northeast-1",
                    ],
                  ],
                },
                {
                  "Fn::Join": [
                    "",
                    [
                      "arn:",
                      {
                        "Ref": "AWS::Partition",
                      },
                      ":s3:::cdk-hnb659fds-assets-123456789012-ap-northeast-1/*",
                    ],
                  ],
                },
              ],
            },
            {
              "Action": [
                "s3:GetObject*",
                "s3:GetBucket*",
                "s3:List*",
                "s3:DeleteObject*",
                "s3:PutObject",
                "s3:PutObjectLegalHold",
                "s3:PutObjectRetention",
                "s3:PutObjectTagging",
                "s3:PutObjectVersionTagging",
                "s3:Abort*",
              ],
              "Effect": "Allow",
              "Resource": [
                {
                  "Fn::GetAtt": [
                    "WebsiteBucketS3BucketFE46300C",
                    "Arn",
                  ],
                },
                {
                  "Fn::Join": [
                    "",
                    [
                      {
                        "Fn::GetAtt": [
                          "WebsiteBucketS3BucketFE46300C",
                          "Arn",
                        ],
                      },
                      "/*",
                    ],
                  ],
                },
              ],
            },
          ],
          "Version": "2012-10-17",
        },
        "PolicyName": "CustomCDKBucketDeployment8693BB64968944B69AAFB0CC9EB8756CServiceRoleDefaultPolicy88902FDF",
        "Roles": [
          {
            "Ref": "CustomCDKBucketDeployment8693BB64968944B69AAFB0CC9EB8756CServiceRole89A01265",
          },
        ],
      },
      "Type": "AWS::IAM::Policy",
    },
    "CustomS3AutoDeleteObjectsCustomResourceProviderHandler9D90184F": {
      "DependsOn": [
        "CustomS3AutoDeleteObjectsCustomResourceProviderRole3B1BD092",
      ],
      "Properties": {
        "Code": {
          "S3Bucket": "cdk-hnb659fds-assets-123456789012-ap-northeast-1",
          "S3Key": "faa95a81ae7d7373f3e1f242268f904eb748d8d0fdd306e8a6fe515a1905a7d6.zip",
        },
        "Description": {
          "Fn::Join": [
            "",
            [
              "Lambda function for auto-deleting objects in ",
              {
                "Ref": "WebsiteLogsBucketS3BucketA5B66D15",
              },
              " S3 bucket.",
            ],
          ],
        },
        "Handler": "index.handler",
        "MemorySize": 128,
        "Role": {
          "Fn::GetAtt": [
            "CustomS3AutoDeleteObjectsCustomResourceProviderRole3B1BD092",
            "Arn",
          ],
        },
        "Runtime": "nodejs20.x",
        "Timeout": 900,
      },
      "Type": "AWS::Lambda::Function",
    },
    "CustomS3AutoDeleteObjectsCustomResourceProviderRole3B1BD092": {
      "Properties": {
        "AssumeRolePolicyDocument": {
          "Statement": [
            {
              "Action": "sts:AssumeRole",
              "Effect": "Allow",
              "Principal": {
                "Service": "lambda.amazonaws.com",
              },
            },
          ],
          "Version": "2012-10-17",
        },
        "ManagedPolicyArns": [
          {
            "Fn::Sub": "arn:\${AWS::Partition}:iam::aws:policy/service-role/AWSLambdaBasicExecutionRole",
          },
        ],
      },
      "Type": "AWS::IAM::Role",
    },
    "WebsiteBucketS3BucketAutoDeleteObjectsCustomResourceA0F5CD3D": {
      "DeletionPolicy": "Delete",
      "DependsOn": [
        "WebsiteBucketS3BucketPolicyF2157EA2",
      ],
      "Properties": {
        "BucketName": {
          "Ref": "WebsiteBucketS3BucketFE46300C",
        },
        "ServiceToken": {
          "Fn::GetAtt": [
            "CustomS3AutoDeleteObjectsCustomResourceProviderHandler9D90184F",
            "Arn",
          ],
        },
      },
      "Type": "Custom::S3AutoDeleteObjects",
      "UpdateReplacePolicy": "Delete",
    },
    "WebsiteBucketS3BucketFE46300C": {
      "DeletionPolicy": "Delete",
      "Properties": {
        "BucketEncryption": {
          "ServerSideEncryptionConfiguration": [
            {
              "ServerSideEncryptionByDefault": {
                "SSEAlgorithm": "AES256",
              },
            },
          ],
        },
        "BucketName": "snapshot-test-static-website-123456789012",
        "LoggingConfiguration": {
          "DestinationBucketName": {
            "Ref": "WebsiteLogsBucketS3BucketA5B66D15",
          },
          "LogFilePrefix": "",
        },
        "PublicAccessBlockConfiguration": {
          "BlockPublicAcls": true,
          "BlockPublicPolicy": true,
          "IgnorePublicAcls": true,
          "RestrictPublicBuckets": true,
        },
        "Tags": [
          {
            "Key": "aws-cdk:auto-delete-objects",
            "Value": "true",
          },
          {
            "Key": "aws-cdk:cr-owned:723b95f1",
            "Value": "true",
          },
          {
            "Key": "Environment",
            "Value": "test",
          },
          {
            "Key": "Project",
            "Value": "snapshot",
          },
        ],
        "WebsiteConfiguration": {
          "ErrorDocument": "error.html",
          "IndexDocument": "index.html",
        },
      },
      "Type": "AWS::S3::Bucket",
      "UpdateReplacePolicy": "Delete",
    },
    "WebsiteBucketS3BucketPolicyF2157EA2": {
      "Properties": {
        "Bucket": {
          "Ref": "WebsiteBucketS3BucketFE46300C",
        },
        "PolicyDocument": {
          "Statement": [
            {
              "Action": [
                "s3:PutBucketPolicy",
                "s3:GetBucket*",
                "s3:List*",
                "s3:DeleteObject*",
              ],
              "Effect": "Allow",
              "Principal": {
                "AWS": {
                  "Fn::GetAtt": [
                    "CustomS3AutoDeleteObjectsCustomResourceProviderRole3B1BD092",
                    "Arn",
                  ],
                },
              },
              "Resource": [
                {
                  "Fn::GetAtt": [
                    "WebsiteBucketS3BucketFE46300C",
                    "Arn",
                  ],
                },
                {
                  "Fn::Join": [
                    "",
                    [
                      {
                        "Fn::GetAtt": [
                          "WebsiteBucketS3BucketFE46300C",
                          "Arn",
                        ],
                      },
                      "/*",
                    ],
                  ],
                },
              ],
            },
            {
              "Action": "s3:GetObject",
              "Condition": {
                "IpAddress": {
                  "aws:SourceIp": [
                    "0.0.0.0/0",
                  ],
                },
              },
              "Effect": "Allow",
              "Principal": {
                "AWS": "*",
              },
              "Resource": {
                "Fn::Join": [
                  "",
                  [
                    {
                      "Fn::GetAtt": [
                        "WebsiteBucketS3BucketFE46300C",
                        "Arn",
                      ],
                    },
                    "/*",
                  ],
                ],
              },
            },
          ],
          "Version": "2012-10-17",
        },
      },
      "Type": "AWS::S3::BucketPolicy",
    },
    "WebsiteBucketS3FileUploadAwsCliLayer0772B767": {
      "Properties": {
        "Content": {
          "S3Bucket": "cdk-hnb659fds-assets-123456789012-ap-northeast-1",
          "S3Key": "1c5a2ab1d1e53b0672a644454aab3dbb258ccd0079c92ad0e23b95b2c2079f70.zip",
        },
        "Description": "/opt/awscli/aws",
      },
      "Type": "AWS::Lambda::LayerVersion",
    },
    "WebsiteBucketS3FileUploadCustomResource64803444": {
      "DeletionPolicy": "Delete",
      "Properties": {
        "DestinationBucketName": {
          "Ref": "WebsiteBucketS3BucketFE46300C",
        },
        "OutputObjectKeys": true,
        "Prune": true,
        "ServiceToken": {
          "Fn::GetAtt": [
            "CustomCDKBucketDeployment8693BB64968944B69AAFB0CC9EB8756C81C01536",
            "Arn",
          ],
        },
        "SourceBucketNames": [
          "cdk-hnb659fds-assets-123456789012-ap-northeast-1",
        ],
        "SourceObjectKeys": [
          "133b62e6550924b60dea459dfcdde5c077c0d2e8821f00733b577aa2f05b4fe5.zip",
        ],
      },
      "Type": "Custom::CDKBucketDeployment",
      "UpdateReplacePolicy": "Delete",
    },
    "WebsiteLogsBucketS3BucketA5B66D15": {
      "DeletionPolicy": "Delete",
      "Properties": {
        "AccessControl": "LogDeliveryWrite",
        "BucketEncryption": {
          "ServerSideEncryptionConfiguration": [
            {
              "ServerSideEncryptionByDefault": {
                "SSEAlgorithm": "AES256",
              },
            },
          ],
        },
        "BucketName": "snapshot-test-static-website-logs-123456789012",
        "LifecycleConfiguration": {
          "Rules": [
            {
              "AbortIncompleteMultipartUpload": {
                "DaysAfterInitiation": 7,
              },
              "ExpirationInDays": 90,
              "ExpiredObjectDeleteMarker": false,
              "Id": "Delete-After-90Days",
              "Status": "Enabled",
            },
          ],
        },
        "OwnershipControls": {
          "Rules": [
            {
              "ObjectOwnership": "ObjectWriter",
            },
          ],
        },
        "PublicAccessBlockConfiguration": {
          "BlockPublicAcls": true,
          "BlockPublicPolicy": true,
          "IgnorePublicAcls": true,
          "RestrictPublicBuckets": true,
        },
        "Tags": [
          {
            "Key": "aws-cdk:auto-delete-objects",
            "Value": "true",
          },
          {
            "Key": "Environment",
            "Value": "test",
          },
          {
            "Key": "Project",
            "Value": "snapshot",
          },
        ],
      },
      "Type": "AWS::S3::Bucket",
      "UpdateReplacePolicy": "Delete",
    },
    "WebsiteLogsBucketS3BucketAutoDeleteObjectsCustomResource8C7D16B9": {
      "DeletionPolicy": "Delete",
      "DependsOn": [
        "WebsiteLogsBucketS3BucketPolicy1C0BD55C",
      ],
      "Properties": {
        "BucketName": {
          "Ref": "WebsiteLogsBucketS3BucketA5B66D15",
        },
        "ServiceToken": {
          "Fn::GetAtt": [
            "CustomS3AutoDeleteObjectsCustomResourceProviderHandler9D90184F",
            "Arn",
          ],
        },
      },
      "Type": "Custom::S3AutoDeleteObjects",
      "UpdateReplacePolicy": "Delete",
    },
    "WebsiteLogsBucketS3BucketPolicy1C0BD55C": {
      "Properties": {
        "Bucket": {
          "Ref": "WebsiteLogsBucketS3BucketA5B66D15",
        },
        "PolicyDocument": {
          "Statement": [
            {
              "Action": [
                "s3:PutBucketPolicy",
                "s3:GetBucket*",
                "s3:List*",
                "s3:DeleteObject*",
              ],
              "Effect": "Allow",
              "Principal": {
                "AWS": {
                  "Fn::GetAtt": [
                    "CustomS3AutoDeleteObjectsCustomResourceProviderRole3B1BD092",
                    "Arn",
                  ],
                },
              },
              "Resource": [
                {
                  "Fn::GetAtt": [
                    "WebsiteLogsBucketS3BucketA5B66D15",
                    "Arn",
                  ],
                },
                {
                  "Fn::Join": [
                    "",
                    [
                      {
                        "Fn::GetAtt": [
                          "WebsiteLogsBucketS3BucketA5B66D15",
                          "Arn",
                        ],
                      },
                      "/*",
                    ],
                  ],
                },
              ],
            },
          ],
          "Version": "2012-10-17",
        },
      },
      "Type": "AWS::S3::BucketPolicy",
    },
  },
  "Rules": {
    "CheckBootstrapVersion": {
      "Assertions": [
        {
          "Assert": {
            "Fn::Not": [
              {
                "Fn::Contains": [
                  [
                    "1",
                    "2",
                    "3",
                    "4",
                    "5",
                  ],
                  {
                    "Ref": "BootstrapVersion",
                  },
                ],
              },
            ],
          },
          "AssertDescription": "CDK bootstrap stack version 6 required. Please run 'cdk bootstrap' with a recent version of the CDK CLI.",
        },
      ],
    },
  },
}
`;
